[6610:6653:0815/005212.843068:ERROR:../../../src/3rdparty/chromium/gpu/command_buffer/service/shared_image/shared_image_factory.cc:891] Could not find SharedImageBackingFactory with params: usage: Gles2Read|RasterRead|DisplayRead|Scanout, format: (Y_UV, 420, 8unorm, ExtSamplerOn), share_between_threads: 0, gmb_type: platform, size: 1920x1080, debug_label: MailboxVideoFrameConverter
[6610:6653:0815/005212.843644:ERROR:../../../src/3rdparty/chromium/gpu/command_buffer/service/raster_decoder.cc:1141]   RasterDecoderImpl: Context lost during MakeCurrent.
[6610:6653:0815/005212.843744:ERROR:../../../src/3rdparty/chromium/gpu/command_buffer/service/raster_decoder.cc:1141]   RasterDecoderImpl: Context lost during MakeCurrent.
[6610:6653:0815/005212.843887:ERROR:../../../src/3rdparty/chromium/gpu/command_buffer/service/raster_decoder.cc:1141]   RasterDecoderImpl: Context lost during MakeCurrent.
[6610:6653:0815/005212.843926:ERROR:../../../src/3rdparty/chromium/gpu/command_buffer/service/raster_decoder.cc:1141]   RasterDecoderImpl: Context lost during MakeCurrent.
[6610:6653:0815/005212.843958:ERROR:../../../src/3rdparty/chromium/gpu/ipc/service/shared_image_stub.cc:585] SharedImageStub: context already lost
[6610:6653:0815/005212.843996:ERROR:../../../src/3rdparty/chromium/gpu/command_buffer/service/raster_decoder.cc:1141]   RasterDecoderImpl: Context lost during MakeCurrent.
[6610:6653:0815/005212.844078:ERROR:../../../src/3rdparty/chromium/gpu/command_buffer/service/raster_decoder.cc:1141]   RasterDecoderImpl: Context lost during MakeCurrent.
[6610:6653:0815/005212.844198:ERROR:../../../src/3rdparty/chromium/gpu/command_buffer/service/raster_decoder.cc:1141]   RasterDecoderImpl: Context lost during MakeCurrent.
[6610:6653:0815/005212.844240:ERROR:../../../src/3rdparty/chromium/gpu/command_buffer/service/gles2_cmd_decoder_passthrough.cc:1261]   GLES2DecoderPassthroughImpl: Trying to make lost context current.
[6610:6653:0815/005212.844685:ERROR:../../../src/3rdparty/chromium/gpu/command_buffer/service/raster_decoder.cc:1141]   RasterDecoderImpl: Context lost during MakeCurrent.
[6610:6653:0815/005212.844754:ERROR:../../../src/3rdparty/chromium/gpu/command_buffer/service/raster_decoder.cc:1141]   RasterDecoderImpl: Context lost during MakeCurrent.
[6610:6653:0815/005212.844804:ERROR:../../../src/3rdparty/chromium/gpu/ipc/service/shared_image_stub.cc:585] SharedImageStub: context already lost
[6610:6653:0815/005212.844823:ERROR:../../../src/3rdparty/chromium/gpu/command_buffer/service/shared_context_state.cc:954] Failed to make current since context is marked as lost
[6610:6653:0815/005212.844833:ERROR:../../../src/3rdparty/chromium/gpu/command_buffer/service/shared_context_state.cc:954] Failed to make current since context is marked as lost
[6610:6653:0815/005212.844848:ERROR:../../../src/3rdparty/chromium/gpu/command_buffer/service/shared_context_state.cc:954] Failed to make current since context is marked as lost
[6610:6653:0815/005212.844856:ERROR:../../../src/3rdparty/chromium/gpu/command_buffer/service/shared_context_state.cc:954] Failed to make current since context is marked as lost
[6610:6653:0815/005212.844860:ERROR:../../../src/3rdparty/chromium/gpu/command_buffer/service/shared_context_state.cc:954] Failed to make current since context is marked as lost
[6610:6653:0815/005212.844864:ERROR:../../../src/3rdparty/chromium/gpu/command_buffer/service/shared_context_state.cc:954] Failed to make current since context is marked as lost
[6610:6653:0815/005212.844871:ERROR:../../../src/3rdparty/chromium/gpu/command_buffer/service/shared_context_state.cc:954] Failed to make current since context is marked as lost
[6610:6653:0815/005212.844877:ERROR:../../../src/3rdparty/chromium/gpu/command_buffer/service/shared_context_state.cc:954] Failed to make current since context is marked as lost
[6610:6653:0815/005212.852313:ERROR:../../../src/3rdparty/chromium/gpu/command_buffer/service/shared_context_state.cc:954] Failed to make current since context is marked as lost
[6610:6653:0815/005212.852423:ERROR:../../../src/3rdparty/chromium/components/viz/service/display_embedder/skia_output_surface_impl_on_gpu.cc:2292] Failed to make current.
[6610:6653:0815/005212.852469:ERROR:../../../src/3rdparty/chromium/gpu/command_buffer/service/shared_context_state.cc:954] Failed to make current since context is marked as lost
[6610:6653:0815/005212.852495:ERROR:../../../src/3rdparty/chromium/gpu/command_buffer/service/shared_context_state.cc:954] Failed to make current since context is marked as lost
[6610:6653:0815/005212.852504:ERROR:../../../src/3rdparty/chromium/gpu/command_buffer/service/shared_context_state.cc:954] Failed to make current since context is marked as lost
[6610:6653:0815/005212.852512:ERROR:../../../src/3rdparty/chromium/gpu/command_buffer/service/shared_context_state.cc:954] Failed to make current since context is marked as lost
[6610:6653:0815/005212.852521:ERROR:../../../src/3rdparty/chromium/gpu/command_buffer/service/shared_context_state.cc:954] Failed to make current since context is marked as lost
[6610:6653:0815/005212.852530:ERROR:../../../src/3rdparty/chromium/gpu/command_buffer/service/shared_context_state.cc:954] Failed to make current since context is marked as lost
[6610:6653:0815/005212.852537:ERROR:../../../src/3rdparty/chromium/gpu/command_buffer/service/shared_context_state.cc:954] Failed to make current since context is marked as lost
[6610:6653:0815/005212.852633:ERROR:../../../src/3rdparty/chromium/gpu/command_buffer/service/shared_context_state.cc:954] Failed to make current since context is marked as lost
[6610:6653:0815/005212.852643:ERROR:../../../src/3rdparty/chromium/components/viz/service/display_embedder/skia_output_surface_impl_on_gpu.cc:2292] Failed to make current.
00:52:12 WARNING: NativeSkiaOutputDevice: Leaking graphics resources.
[6610:6653:0815/005212.855246:ERROR:../../../src/3rdparty/chromium/gpu/command_buffer/service/shared_context_state.cc:954] Failed to make current since context is marked as lost
[6610:6653:0815/005212.855423:ERROR:../../../src/3rdparty/chromium/components/viz/service/display_embedder/skia_output_surface_impl_on_gpu.cc:2292] Failed to make current.
[6610:6653:0815/005212.855634:ERROR:../../../src/3rdparty/chromium/gpu/command_buffer/service/shared_context_state.cc:954] Failed to make current since context is marked as lost
[6610:6653:0815/005212.855744:ERROR:../../../src/3rdparty/chromium/gpu/command_buffer/service/shared_context_state.cc:954] Failed to make current since context is marked as lost
[6610:6653:0815/005212.855791:ERROR:../../../src/3rdparty/chromium/gpu/command_buffer/service/shared_context_state.cc:954] Failed to make current since context is marked as lost
[6610:6653:0815/005212.855821:ERROR:../../../src/3rdparty/chromium/gpu/command_buffer/service/shared_context_state.cc:954] Failed to make current since context is marked as lost
[6610:6653:0815/005212.855854:ERROR:../../../src/3rdparty/chromium/gpu/command_buffer/service/shared_context_state.cc:954] Failed to make current since context is marked as lost
[6610:6653:0815/005212.855879:ERROR:../../../src/3rdparty/chromium/gpu/command_buffer/service/shared_context_state.cc:954] Failed to make current since context is marked as lost
[6610:6653:0815/005212.855943:ERROR:../../../src/3rdparty/chromium/gpu/command_buffer/service/shared_context_state.cc:954] Failed to make current since context is marked as lost
[6610:6653:0815/005212.855979:ERROR:../../../src/3rdparty/chromium/gpu/command_buffer/service/shared_context_state.cc:954] Failed to make current since context is marked as lost
[6610:6653:0815/005212.856027:ERROR:../../../src/3rdparty/chromium/gpu/command_buffer/service/shared_context_state.cc:954] Failed to make current since context is marked as lost
[6610:6653:0815/005212.856124:ERROR:../../../src/3rdparty/chromium/gpu/command_buffer/service/shared_context_state.cc:954] Failed to make current since context is marked as lost
[6610:6653:0815/005212.856215:ERROR:../../../src/3rdparty/chromium/gpu/command_buffer/service/shared_context_state.cc:954] Failed to make current since context is marked as lost
[6610:6653:0815/005212.856474:ERROR:../../../src/3rdparty/chromium/gpu/command_buffer/service/shared_context_state.cc:954] Failed to make current since context is marked as lost
[6610:6653:0815/005212.856574:ERROR:../../../src/3rdparty/chromium/components/viz/service/display_embedder/skia_output_surface_impl_on_gpu.cc:2292] Failed to make current.
00:52:12 WARNING: NativeSkiaOutputDevice: Leaking graphics resources.
[6610:6653:0815/005212.864831:ERROR:../../../src/3rdparty/chromium/gpu/command_buffer/service/shared_image/shared_image_manager.cc:389] SharedImageManager::ProduceSkia: Trying to Produce a Skia representation from a non-existent mailbox.
[6610:6653:0815/005212.869608:ERROR:../../../src/3rdparty/chromium/gpu/command_buffer/service/shared_image/shared_image_manager.cc:389] SharedImageManager::ProduceSkia: Trying to Produce a Skia representation from a non-existent mailbox.
[6610:6653:0815/005212.872641:ERROR:../../../src/3rdparty/chromium/gpu/command_buffer/service/shared_image/shared_image_manager.cc:389] SharedImageManager::ProduceSkia: Trying to Produce a Skia representation from a non-existent mailbox.
[6610:6653:0815/005212.875170:ERROR:../../../src/3rdparty/chromium/gpu/command_buffer/service/shared_image/shared_image_manager.cc:389] SharedImageManager::ProduceSkia: Trying to Produce a Skia representation from a non-existent mailbox.
[6610:6653:0815/005212.877824:ERROR:../../../src/3rdparty/chromium/gpu/command_buffer/service/shared_image/shared_image_manager.cc:389] SharedImageManager::ProduceSkia: Trying to Produce a Skia representation from a non-existent mailbox.
[6610:6653:0815/005212.877977:ERROR:../../../src/3rdparty/chromium/gpu/command_buffer/service/shared_image/shared_image_manager.cc:389] SharedImageManager::ProduceSkia: Trying to Produce a Skia representation from a non-existent mailbox.
[6610:6653:0815/005212.878044:ERROR:../../../src/3rdparty/chromium/gpu/command_buffer/service/shared_image/shared_image_manager.cc:389] SharedImageManager::ProduceSkia: Trying to Produce a Skia representation from a non-existent mailbox.
